'MergedOne.local_first_law' depends on axioms: [propext, Classical.choice, Quot.sound]
'MergedOne.anchor_weight_one' depends on axioms: [propext, Classical.choice, Quot.sound]
'MergedOne.output_law' depends on axioms: [propext, Classical.choice, Quot.sound]
'MergedOne.output_probability_valid' depends on axioms: [propext, Classical.choice, Quot.sound]
'MergedOne.group_costs' depends on axioms: [propext, Classical.choice, Quot.sound]
'MergedOne.g_completed_square' depends on axioms: [propext, Classical.choice, Quot.sound]
'MergedOne.b_completed_square' depends on axioms: [propext, Classical.choice, Quot.sound]
'MergedOne.g_optimum' depends on axioms: [propext, Classical.choice, Quot.sound]
'MergedOne.phi_optimum' depends on axioms: [propext, Classical.choice, Quot.sound]
'MergedOne.positive_optima' depends on axioms: [propext, Classical.choice, Quot.sound]
'MergedOne.expected_g' depends on axioms: [propext, Classical.choice, Quot.sound]
'MergedOne.phi_endpoints' depends on axioms: [propext, Classical.choice, Quot.sound]
'MergedOne.expected_phi' depends on axioms: [propext, Classical.choice, Quot.sound]
'MergedOne.exact_ratios' depends on axioms: [propext, Classical.choice, Quot.sound]
'MergedOne.lower_ratios' depends on axioms: [propext, Classical.choice, Quot.sound]
'MergedOne.record_group_costs' depends on axioms: [propext, Classical.choice, Quot.sound]
'MergedOne.record_objectives' depends on axioms: [propext, Classical.choice, Quot.sound]
'MergedOne.real_epsilon_bounds' depends on axioms: [propext, Classical.choice, Quot.sound]
'MergedOne.record_optima' depends on axioms: [propext, Classical.choice, Quot.sound]
'MergedOne.finite_record_lower_bounds' depends on axioms: [propext, Classical.choice, Quot.sound]
'MergedOne.rational_kappa_lower_construction' depends on axioms: [propext, Classical.choice, Quot.sound]
'MergedOne.lloyd_center' depends on axioms: [propext, Classical.choice, Quot.sound]
'MergedOne.lloyd_caveat_kappa_eight' depends on axioms: [propext, Classical.choice, Quot.sound]
'MergedOne.declared_ownership_parameter' depends on axioms: [propext, Classical.choice, Quot.sound]
