'Replay.patch_exact' depends on axioms: [propext, Quot.sound]
'Replay.label_patch_exact' depends on axioms: [propext, Quot.sound]
'Replay.abandonment_exact' depends on axioms: [propext, Quot.sound]
'Replay.unchanged_correction' depends on axioms: [propext]
'Replay.changed_label_rejects' does not depend on any axioms
'Replay.summaries_equal' depends on axioms: [propext, Quot.sound]
'Replay.initialized_state_equal' depends on axioms: [propext, Quot.sound]
'Replay.canonical_active_congr' depends on axioms: [propext, Quot.sound]
'Replay.whole_client_initializer' depends on axioms: [propext, Quot.sound]
'Replay.summary_counts_exact' depends on axioms: [propext, Quot.sound]
'Replay.whole_client_compact' depends on axioms: [propext, Quot.sound]
'Replay.minimizers_nonempty' depends on axioms: [propext, Classical.choice, Quot.sound]
'Replay.nearest_le' depends on axioms: [propext, Classical.choice, Quot.sound]
'Replay.nearest_tie_smallest' depends on axioms: [propext, Classical.choice, Quot.sound]
'Replay.strict_winner_nearest' depends on axioms: [propext, Classical.choice, Quot.sound]
'Replay.nearest_square' depends on axioms: [propext, Classical.choice, Quot.sound]
'Replay.le_maxOn' depends on axioms: [propext, Classical.choice, Quot.sound]
'Replay.reverse_triangle_shift' depends on axioms: [propext, Classical.choice, Quot.sound]
'Replay.basic_certificate' depends on axioms: [propext, Classical.choice, Quot.sound]
'Replay.runner_certificate' depends on axioms: [propext, Classical.choice, Quot.sound]
'Replay.outward_bounds_sound' depends on axioms: [propext, Classical.choice, Quot.sound]
'Replay.basic_certified_label' depends on axioms: [propext, Classical.choice, Quot.sound]
'Replay.runner_certified_label' depends on axioms: [propext, Classical.choice, Quot.sound]
'Replay.integer_stats_patch' depends on axioms: [propext, Classical.choice, Quot.sound]
'Replay.integer_stats_abandonment' depends on axioms: [propext, Classical.choice, Quot.sound]
'Replay.owner_partition_sum' depends on axioms: [propext, Classical.choice, Quot.sound]
'Replay.local_multiplicity_conservation' depends on axioms: [propext, Classical.choice, Quot.sound]
'Replay.direct_stays_direct' depends on axioms: [propext, Quot.sound]
'Replay.replayStep_equal' depends on axioms: [propext, Quot.sound]
'Replay.trajectory_equal' depends on axioms: [propext, Quot.sound]
'Replay.finite_trajectory_equal' depends on axioms: [propext, Quot.sound]
'Replay.zero_round' depends on axioms: [propext, Quot.sound]
'Replay.basicModel_sound' depends on axioms: [propext, Classical.choice, Quot.sound]
'Replay.basic_full_trajectory' depends on axioms: [propext, Classical.choice, Quot.sound]
'Replay.runnerModel_sound' depends on axioms: [propext, Classical.choice, Quot.sound]
'Replay.runner_full_trajectory' depends on axioms: [propext, Classical.choice, Quot.sound]
'Replay.Initializer.same_seed' depends on axioms: [propext, Quot.sound]
'Replay.seeded_full_trajectory' depends on axioms: [propext, Quot.sound]
'Replay.seeded_basic_exactness' depends on axioms: [propext, Classical.choice, Quot.sound]
'Replay.seeded_runner_exactness' depends on axioms: [propext, Classical.choice, Quot.sound]
'Replay.same_seed_event_law' depends on axioms: [Quot.sound]
'Replay.intervalGap_lower' depends on axioms: [propext, Classical.choice, Quot.sound]
'Replay.outward_runner_certificate' depends on axioms: [propext, Classical.choice, Quot.sound]
'Replay.outward_basic_certificate' depends on axioms: [propext, Classical.choice, Quot.sound]
'Replay.maxOn_le' depends on axioms: [propext, Classical.choice, Quot.sound]
'Replay.basic_implies_runner' depends on axioms: [propext, Classical.choice, Quot.sound]
'Replay.three_leave_one' depends on axioms: [propext, Classical.choice, Quot.sound]
'Replay.top_three_suffice' depends on axioms: [propext, Classical.choice, Quot.sound]
'Replay.overshoot_strict_improvement' depends on axioms: [propext, Classical.choice, Quot.sound]
'Replay.runner_only_counterexample' depends on axioms: [propext, Classical.choice, Quot.sound]
'Replay.radii_obstruction' depends on axioms: [propext, Classical.choice, Quot.sound]
'Replay.exact_norm_obstruction' depends on axioms: [propext, Classical.choice, Quot.sound]
'Replay.two_center_exact_obstruction' depends on axioms: [propext, Classical.choice, Quot.sound]
'Replay.maxOn_attained' depends on axioms: [propext, Classical.choice, Quot.sound]
'Replay.exists_third' depends on axioms: [propext, Classical.choice, Quot.sound]
'Replay.competitor_nonempty' depends on axioms: [propext, Classical.choice, Quot.sound]
'Replay.exact_norm_full_tightness' depends on axioms: [propext, Classical.choice, Quot.sound]
'Replay.radii_full_tightness' depends on axioms: [propext, Classical.choice, Quot.sound]
'Replay.stable_recurrence' depends on axioms: [propext, Classical.choice, Quot.sound]
'Replay.maxOn_bounded' depends on axioms: [propext, Classical.choice, Quot.sound]
'Replay.basic_failure_margin' depends on axioms: [propext, Classical.choice, Quot.sound]
'Replay.margin_failure_count' depends on axioms: [propext, Classical.choice, Quot.sound]
'Replay.stable_failure_scale' depends on axioms: [propext, Classical.choice, Quot.sound]
