'MatchedBudget.zero_ne_neg' does not depend on any axioms
'MatchedBudget.zero_ne_pos' does not depend on any axioms
'MatchedBudget.neg_ne_zero' does not depend on any axioms
'MatchedBudget.pos_ne_zero' does not depend on any axioms
'MatchedBudget.neg_ne_pos' does not depend on any axioms
'MatchedBudget.pos_ne_neg' does not depend on any axioms
'MatchedBudget.pair_law' depends on axioms: [propext, Classical.choice, Quot.sound]
'MatchedBudget.pair_nonneg' depends on axioms: [propext, Classical.choice, Quot.sound]
'MatchedBudget.pair_normalized' depends on axioms: [propext, Classical.choice, Quot.sound]
'MatchedBudget.no_repeated_location' depends on axioms: [propext, Classical.choice, Quot.sound]
'MatchedBudget.transfer_conservation' depends on axioms: [propext, Classical.choice, Quot.sound]
'MatchedBudget.endpoints_indexed_tie' depends on axioms: [propext, Classical.choice, Quot.sound]
'MatchedBudget.client_one_weights' depends on axioms: [propext, Classical.choice, Quot.sound]
'MatchedBudget.server_total' depends on axioms: [propext, Classical.choice, Quot.sound]
'MatchedBudget.merged_law' depends on axioms: [propext, Classical.choice, Quot.sound]
'MatchedBudget.split_server_total' depends on axioms: [propext, Classical.choice, Quot.sound]
'MatchedBudget.split_law' depends on axioms: [propext, Classical.choice, Quot.sound]
'MatchedBudget.endpoint_probabilities' depends on axioms: [propext, Classical.choice, Quot.sound]
'MatchedBudget.merged_normalized' depends on axioms: [propext, Classical.choice, Quot.sound]
'MatchedBudget.split_normalized' depends on axioms: [propext, Classical.choice, Quot.sound]
'MatchedBudget.merged_nonneg' depends on axioms: [propext, Classical.choice, Quot.sound]
'MatchedBudget.split_nonneg' depends on axioms: [propext, Classical.choice, Quot.sound]
'MatchedBudget.group_costs' depends on axioms: [propext, Classical.choice, Quot.sound]
'MatchedBudget.g_cost' depends on axioms: [propext, Classical.choice, Quot.sound]
'MatchedBudget.phi_cost' depends on axioms: [propext, Classical.choice, Quot.sound]
'MatchedBudget.optimum_at_zero' depends on axioms: [propext, Classical.choice, Quot.sound]
'MatchedBudget.expected_merged_g' depends on axioms: [propext, Classical.choice, Quot.sound]
'MatchedBudget.expected_split_g' depends on axioms: [propext, Classical.choice, Quot.sound]
'MatchedBudget.expected_merged_phi' depends on axioms: [propext, Classical.choice, Quot.sound]
'MatchedBudget.expected_split_phi' depends on axioms: [propext, Classical.choice, Quot.sound]
'MatchedBudget.epsilon_bounds' depends on axioms: [propext, Classical.choice, Quot.sound]
'MatchedBudget.matched_ratios' depends on axioms: [propext, Classical.choice, Quot.sound]
'MatchedBudget.real_group_costs' depends on axioms: [propext, Classical.choice, Quot.sound]
'MatchedBudget.real_g' depends on axioms: [propext, Classical.choice, Quot.sound]
'MatchedBudget.real_phi' depends on axioms: [propext, Classical.choice, Quot.sound]
'MatchedBudget.real_optimum_at_zero' depends on axioms: [propext, Classical.choice, Quot.sound]
'MatchedBudget.rational_real_agreement' depends on axioms: [propext, Classical.choice, Quot.sound]
'MatchedBudget.local_categorical_valid' depends on axioms: [propext, Classical.choice, Quot.sound]
'MatchedBudget.slot_weights_nonnegative' depends on axioms: [propext, Classical.choice, Quot.sound]
'MatchedBudget.unused_slot_probability' depends on axioms: [propext, Classical.choice, Quot.sound]
'MatchedBudget.expected_g_cast' depends on axioms: [propext, Classical.choice, Quot.sound]
'MatchedBudget.expected_phi_cast' depends on axioms: [propext, Classical.choice, Quot.sound]
'MatchedBudget.matched_real_ratios' depends on axioms: [propext, Classical.choice, Quot.sound]
'MatchedBudget.client_cardinalities' depends on axioms: [propext, Classical.choice, Quot.sound]
'MatchedBudget.group_cardinalities' depends on axioms: [propext, Classical.choice, Quot.sound]
'MatchedBudget.weighted_location_sum' depends on axioms: [propext, Classical.choice, Quot.sound]
'MatchedBudget.record_first_law' depends on axioms: [propext, Classical.choice, Quot.sound]
'MatchedBudget.record_second_law' depends on axioms: [propext, Classical.choice, Quot.sound]
'MatchedBudget.record_pair_law' depends on axioms: [propext, Classical.choice, Quot.sound]
'MatchedBudget.global_location_sum' depends on axioms: [propext, Classical.choice, Quot.sound]
'MatchedBudget.indexed_endpoint_counts' depends on axioms: [propext, Classical.choice, Quot.sound]
'MatchedBudget.normalized_count_transfer' depends on axioms: [propext, Classical.choice, Quot.sound]
'MatchedBudget.count_parameters' depends on axioms: [propext, Classical.choice, Quot.sound]
'MatchedBudget.rational_parameter_realizable' depends on axioms: [propext, Classical.choice, Quot.sound]
'MatchedBudget.record_group_costs' depends on axioms: [propext, Classical.choice, Quot.sound]
'MatchedBudget.record_means_zero' depends on axioms: [propext, Classical.choice, Quot.sound]
'MatchedBudget.every_fair_candidate_zero' depends on axioms: [propext, Classical.choice, Quot.sound]
'MatchedBudget.guarded_fair_candidate_zero' depends on axioms: [propext, Classical.choice, Quot.sound]
'MatchedBudget.split_record_first_law' depends on axioms: [propext, Classical.choice, Quot.sound]
'MatchedBudget.nonsaturated_budgets' depends on axioms: [propext, Classical.choice, Quot.sound]
'MatchedBudget.four_slots' depends on axioms: [propext]
'MatchedBudget.finite_matched_witness' depends on axioms: [propext, Classical.choice, Quot.sound]
'MatchedBudget.record_transfer_counts' depends on axioms: [propext, Classical.choice, Quot.sound]
'MatchedBudget.client_one_location' does not depend on any axioms
'MatchedBudget.ownership_parameter' depends on axioms: [propext, Classical.choice, Quot.sound]
'MatchedBudget.ownership_fractions' depends on axioms: [propext, Classical.choice, Quot.sound]
'MatchedBudget.record_slot_weights' depends on axioms: [propext, Classical.choice, Quot.sound]
'MatchedBudget.record_merged_law' depends on axioms: [propext, Classical.choice, Quot.sound]
'MatchedBudget.record_split_weights' depends on axioms: [propext, Classical.choice, Quot.sound]
'MatchedBudget.record_split_law' depends on axioms: [propext, Classical.choice, Quot.sound]
'MatchedBudget.record_objectives' depends on axioms: [propext, Classical.choice, Quot.sound]
'MatchedBudget.finite_record_ratios' depends on axioms: [propext, Classical.choice, Quot.sound]
